// Jest Snapshot v1, https://goo.gl/fbAQLP

exports[`Check should match snapshot 1`] = `
<label>
  <input
    checked={true}
    onChange={[Function]}
    type="checkbox"
  />
  Check Me!
</label>
`;
