// Jest Snapshot v1, https://goo.gl/fbAQLP

exports[`Blurb should match snapshot 1`] = `
<div
  className="sc-bdVaJa hnkImK"
>
  <h1
    className="sc-bwzfXH hsxXBG"
  >
    This is a test component fully styled with 'Styled Component!'
  </h1>
</div>
`;
